// Jest Snapshot v1, https://goo.gl/fbAQLP

exports[`containers/header/header has correct default options 1`] = `
<div
  style={
    Object {
      "backgroundColor": "#171717",
      "display": "flex",
      "flexDirection": "row",
      "height": 500,
    }
  }
>
  <div
    style={
      Object {
        "width": "10%",
      }
    }
  >
    <img
      className=""
      data-css-1168dpr=""
      src="assets/icons/Back.png"
    />
  </div>
  <div
    style={
      Object {
        "color": "white",
        "fontSize": 40,
        "marginTop": 30,
        "textAlign": "start",
        "width": "85%",
      }
    }
  >
    Romatic comedy
  </div>
  <div
    style={
      Object {
        "width": "5%",
      }
    }
  >
    <img
      className=""
      data-css-t2hlpo=""
      src="assets/icons/search.png"
    />
  </div>
</div>
`;
